// Jest Snapshot v1, https://jestjs.io/docs/snapshot-testing

exports[`parseAgUiEvent matches snapshot for a well-formed text.delta event 1`] = `
Object {
  "delta": "Hello",
  "id": "snap-id",
  "runId": "snap-run",
  "seq": 1,
  "timestamp": "2024-01-01T00:00:00.000Z",
  "type": "text.delta",
}
`;
