// Jest Snapshot v1, https://jestjs.io/docs/snapshot-testing

exports[`SchemaValidator — Fiori floorplan snapshots validates a form floorplan schema (snapshot) 1`] = `
{
  "errors": [
    {
      "code": "DENIED_COMPONENT",
      "message": "Component 'ui5-form' is not allowed",
      "path": ".component",
      "severity": "error",
    },
    {
      "code": "DENIED_COMPONENT",
      "message": "Component 'ui5-form-group' is not allowed",
      "path": ".children[0].component",
      "severity": "error",
    },
    {
      "code": "DENIED_COMPONENT",
      "message": "Component 'ui5-form-item' is not allowed",
      "path": ".children[0].children[0].component",
      "severity": "error",
    },
    {
      "code": "DENIED_COMPONENT",
      "message": "Component 'ui5-form-item' is not allowed",
      "path": ".children[0].children[1].component",
      "severity": "error",
    },
  ],
  "sanitizedSchema": {
    "children": [
      {
        "children": [
          {
            "children": [
              {
                "children": undefined,
                "component": "ui5-label",
                "props": {
                  "required": true,
                  "text": "First Name",
                },
                "slots": undefined,
              },
              {
                "children": undefined,
                "component": "ui5-input",
                "props": {
                  "placeholder": "Enter first name",
                },
                "slots": undefined,
              },
            ],
            "component": "ui5-form-item",
            "props": undefined,
            "slots": undefined,
          },
          {
            "children": [
              {
                "children": undefined,
                "component": "ui5-label",
                "props": {
                  "required": true,
                  "text": "Last Name",
                },
                "slots": undefined,
              },
              {
                "children": undefined,
                "component": "ui5-input",
                "props": {
                  "placeholder": "Enter last name",
                },
                "slots": undefined,
              },
            ],
            "component": "ui5-form-item",
            "props": undefined,
            "slots": undefined,
          },
        ],
        "component": "ui5-form-group",
        "props": {
          "headerText": "Personal Data",
        },
        "slots": undefined,
      },
    ],
    "component": "ui5-form",
    "props": {
      "headerText": "New Employee",
    },
    "schemaVersion": "1",
    "slots": undefined,
  },
  "valid": false,
  "warnings": [
    {
      "code": "INVALID_SCHEMA",
      "message": "Component 'ui5-form' may not support children",
      "path": ".children",
      "severity": "warning",
    },
    {
      "code": "INVALID_SCHEMA",
      "message": "Component 'ui5-form-group' may not support children",
      "path": ".children[0].children",
      "severity": "warning",
    },
    {
      "code": "INVALID_SCHEMA",
      "message": "Component 'ui5-form-item' may not support children",
      "path": ".children[0].children[0].children",
      "severity": "warning",
    },
    {
      "code": "INVALID_SCHEMA",
      "message": "Component 'ui5-form-item' may not support children",
      "path": ".children[0].children[1].children",
      "severity": "warning",
    },
  ],
}
`;

exports[`SchemaValidator — Fiori floorplan snapshots validates a list-detail floorplan schema (snapshot) 1`] = `
{
  "errors": [],
  "sanitizedSchema": {
    "children": undefined,
    "component": "ui5-flexible-column-layout",
    "props": {
      "layout": "TwoColumnsMidExpanded",
    },
    "schemaVersion": "1",
    "slots": {
      "midColumn": {
        "children": [
          {
            "children": undefined,
            "component": "ui5-label",
            "props": {
              "text": "Name",
            },
            "slots": undefined,
          },
        ],
        "component": "ui5-panel",
        "props": {
          "headerText": "Details",
        },
        "slots": undefined,
      },
      "startColumn": {
        "children": [
          {
            "children": undefined,
            "component": "ui5-li",
            "props": {
              "text": "Item 1",
            },
            "slots": undefined,
          },
          {
            "children": undefined,
            "component": "ui5-li",
            "props": {
              "text": "Item 2",
            },
            "slots": undefined,
          },
        ],
        "component": "ui5-list",
        "props": {
          "headerText": "Items",
        },
        "slots": undefined,
      },
    },
  },
  "valid": true,
  "warnings": [],
}
`;
